
> hprc-site@0.1.0 dev
> next dev

[baseline-browser-mapping] The data in this module is over two months old.  To ensure accurate Baseline data, please update: `npm i baseline-browser-mapping@latest -D`
   ▲ Next.js 16.0.1 (Turbopack)
   - Local:        http://localhost:3000
   - Network:      http://192.168.1.50:3000
   - Environments: .env

 ✓ Starting...
 ✓ Ready in 27.7s
 ○ Compiling /events/2nd-equestrian-challenge-2026 ...
 GET /events/2nd-equestrian-challenge-2026 200 in 28.9s (compile: 28.3s, render: 608ms)
Image with src "/photo-1553531580-6520e75d0458.png" is using quality "90" which is not configured in images.qualities [75]. Please update your config to [75, 90].
Read more: https://nextjs.org/docs/messages/next-image-unconfigured-qualities
 GET /events/2nd-equestrian-challenge-2026/success?status=Success&order_id=1&amount=2000&tracking_id=TEST 200 in 777ms (compile: 606ms, render: 171ms)
 GET /events/2nd-equestrian-challenge-2026 200 in 807ms (compile: 29ms, render: 778ms)
 GET /sw.js 404 in 1232ms (compile: 1113ms, render: 119ms)
 GET /sw.js 404 in 87ms (compile: 6ms, render: 81ms)
 GET /sw.js 404 in 113ms (compile: 7ms, render: 106ms)
 GET /events/equestrian-challenge-2026 200 in 1131ms (compile: 916ms, render: 215ms)
 GET /sw.js 404 in 94ms (compile: 5ms, render: 89ms)
 GET /events/2nd-equestrian-challenge-2026 200 in 170ms (compile: 6ms, render: 164ms)
 GET /sw.js 404 in 102ms (compile: 5ms, render: 97ms)
 GET /sw.js 404 in 102ms (compile: 6ms, render: 95ms)
 ✓ Compiled in 885ms
 GET /sw.js 404 in 139ms (compile: 30ms, render: 108ms)
 ✓ Compiled in 636ms
 ⚠ Fast Refresh had to perform a full reload when ./node_modules/next/dist/client/image-component.js changed. Read more: https://nextjs.org/docs/messages/fast-refresh-reload
 GET /events/2nd-equestrian-challenge-2026 200 in 718ms (compile: 639ms, render: 78ms)
 GET /events/2nd-equestrian-challenge-2026 200 in 515ms (compile: 237ms, render: 278ms)
 GET /events/2nd-equestrian-challenge-2026 200 in 519ms (compile: 7ms, render: 512ms)
 GET /events/2nd-equestrian-challenge-2026 200 in 231ms (compile: 5ms, render: 226ms)
 GET /events/2nd-equestrian-challenge-2026 200 in 86ms (compile: 6ms, render: 80ms)
 GET /sw.js 404 in 300ms (compile: 140ms, render: 160ms)
 GET /sw.js 404 in 81ms (compile: 5ms, render: 76ms)
 GET /sw.js 404 in 89ms (compile: 7ms, render: 82ms)
 GET /sw.js 404 in 96ms (compile: 7ms, render: 90ms)
 ✓ Compiled in 720ms
 GET /sw.js 404 in 115ms (compile: 21ms, render: 94ms)
 GET /events/nq-2026 200 in 1187ms (compile: 1001ms, render: 186ms)
 GET /sw.js 404 in 108ms (compile: 6ms, render: 102ms)
 ✓ Compiled in 596ms
 GET /sw.js 404 in 100ms (compile: 6ms, render: 94ms)
 ✓ Compiled in 746ms
 ✓ Compiled in 807ms
 ✓ Compiled in 652ms
 GET /events/nq-2026 200 in 258ms (compile: 159ms, render: 99ms)
 GET /sw.js 404 in 97ms (compile: 20ms, render: 77ms)
Image with src "https://images.unsplash.com/photo-1551963831-b3b1ca40c98e?w=1920&q=80" is using quality "90" which is not configured in images.qualities [70, 70, 70, 70, 70, 70, 70, 70, 70, 70, 70, 70, 70, 70, 70, 70, 70, 70, 70, 70, 70, 70, 70, 70, 70, 70, 70, 70, 70, 70, 70, 70, 70, 70, 70, 70, 70, 70, 70, 70, 70, 70, 70, 70, 70, 70, 70, 70, 70, 75]. Please update your config to [70, 70, 70, 70, 70, 70, 70, 70, 70, 70, 70, 70, 70, 70, 70, 70, 70, 70, 70, 70, 70, 70, 70, 70, 70, 70, 70, 70, 70, 70, 70, 70, 70, 70, 70, 70, 70, 70, 70, 70, 70, 70, 70, 70, 70, 70, 70, 70, 70, 75, 90].
Read more: https://nextjs.org/docs/messages/next-image-unconfigured-qualities
Image with src "/documents/gallery/events/hprc-international-arena-polo-championship/001.jpeg" is using quality "90" which is not configured in images.qualities [70, 70, 70, 70, 70, 70, 70, 70, 70, 70, 70, 70, 70, 70, 70, 70, 70, 70, 70, 70, 70, 70, 70, 70, 70, 70, 70, 70, 70, 70, 70, 70, 70, 70, 70, 70, 70, 70, 70, 70, 70, 70, 70, 70, 70, 70, 70, 70, 70, 75]. Please update your config to [70, 70, 70, 70, 70, 70, 70, 70, 70, 70, 70, 70, 70, 70, 70, 70, 70, 70, 70, 70, 70, 70, 70, 70, 70, 70, 70, 70, 70, 70, 70, 70, 70, 70, 70, 70, 70, 70, 70, 70, 70, 70, 70, 70, 70, 70, 70, 70, 70, 75, 90].
Read more: https://nextjs.org/docs/messages/next-image-unconfigured-qualities
 GET / 200 in 1905ms (compile: 1278ms, render: 627ms)
 GET /events/nq-2026 200 in 153ms (compile: 5ms, render: 148ms)
 GET /sw.js 404 in 99ms (compile: 6ms, render: 93ms)
 GET /events/nq-2026 200 in 122ms (compile: 4ms, render: 118ms)
 GET /events/2nd-equestrian-challenge-2026 200 in 385ms (compile: 158ms, render: 227ms)
 GET /sw.js 404 in 83ms (compile: 6ms, render: 77ms)
Image with src "/photo-1553531580-6520e75d0458.png" is using quality "90" which is not configured in images.qualities [70, 70, 70, 70, 70, 70, 70, 70, 70, 70, 70, 70, 70, 70, 70, 70, 70, 70, 70, 70, 70, 70, 70, 70, 70, 70, 70, 70, 70, 70, 70, 70, 70, 70, 70, 70, 70, 70, 70, 70, 70, 70, 70, 70, 70, 70, 70, 70, 70, 75]. Please update your config to [70, 70, 70, 70, 70, 70, 70, 70, 70, 70, 70, 70, 70, 70, 70, 70, 70, 70, 70, 70, 70, 70, 70, 70, 70, 70, 70, 70, 70, 70, 70, 70, 70, 70, 70, 70, 70, 70, 70, 70, 70, 70, 70, 70, 70, 70, 70, 70, 70, 75, 90].
Read more: https://nextjs.org/docs/messages/next-image-unconfigured-qualities
 GET /events/nq-2026/success 200 in 526ms (compile: 413ms, render: 113ms)
 GET /events/nq-2026 200 in 136ms (compile: 3ms, render: 133ms)
 GET /sw.js 404 in 75ms (compile: 4ms, render: 71ms)
 GET /sw.js 404 in 90ms (compile: 5ms, render: 85ms)
 ✓ Compiled in 567ms
 ✓ Compiled in 705ms
 ✓ Compiled in 786ms
 ✓ Compiled in 815ms
 GET /sw.js 404 in 221ms (compile: 69ms, render: 152ms)
 GET /events/nq-2026 200 in 1326ms (compile: 853ms, render: 473ms)
 GET /events/nq-2026 200 in 130ms (compile: 4ms, render: 126ms)
 GET /events/nq-2026 200 in 150ms (compile: 4ms, render: 146ms)
 GET /sw.js 404 in 83ms (compile: 5ms, render: 78ms)
 GET /sw.js 404 in 88ms (compile: 4ms, render: 84ms)
 GET /events/nq-2026 200 in 256ms (compile: 164ms, render: 92ms)
 GET /events/nq-2026 200 in 110ms (compile: 7ms, render: 103ms)
 GET /events/nq-2026 200 in 59ms (compile: 5ms, render: 54ms)
 GET /events/nq-2026 200 in 64ms (compile: 6ms, render: 59ms)
 GET /events/nq-2026 200 in 61ms (compile: 7ms, render: 54ms)
 GET /events/nq-2026 200 in 53ms (compile: 4ms, render: 49ms)
 GET /events/nq-2026 200 in 67ms (compile: 5ms, render: 63ms)
Image with src "https://images.unsplash.com/photo-1551963831-b3b1ca40c98e?w=1920&q=80" is using quality "90" which is not configured in images.qualities [70, 70, 70, 70, 70, 70, 70, 70, 70, 70, 70, 70, 70, 70, 70, 70, 70, 70, 70, 70, 70, 70, 70, 70, 70, 70, 70, 70, 70, 70, 70, 70, 70, 70, 70, 70, 70, 70, 70, 70, 70, 70, 70, 70, 70, 70, 70, 70, 70, 75]. Please update your config to [70, 70, 70, 70, 70, 70, 70, 70, 70, 70, 70, 70, 70, 70, 70, 70, 70, 70, 70, 70, 70, 70, 70, 70, 70, 70, 70, 70, 70, 70, 70, 70, 70, 70, 70, 70, 70, 70, 70, 70, 70, 70, 70, 70, 70, 70, 70, 70, 70, 75, 90].
Read more: https://nextjs.org/docs/messages/next-image-unconfigured-qualities
Image with src "/documents/gallery/events/hprc-international-arena-polo-championship/001.jpeg" is using quality "90" which is not configured in images.qualities [70, 70, 70, 70, 70, 70, 70, 70, 70, 70, 70, 70, 70, 70, 70, 70, 70, 70, 70, 70, 70, 70, 70, 70, 70, 70, 70, 70, 70, 70, 70, 70, 70, 70, 70, 70, 70, 70, 70, 70, 70, 70, 70, 70, 70, 70, 70, 70, 70, 75]. Please update your config to [70, 70, 70, 70, 70, 70, 70, 70, 70, 70, 70, 70, 70, 70, 70, 70, 70, 70, 70, 70, 70, 70, 70, 70, 70, 70, 70, 70, 70, 70, 70, 70, 70, 70, 70, 70, 70, 70, 70, 70, 70, 70, 70, 70, 70, 70, 70, 70, 70, 75, 90].
Read more: https://nextjs.org/docs/messages/next-image-unconfigured-qualities
 GET / 200 in 714ms (compile: 364ms, render: 350ms)
 GET /sw.js 404 in 640ms (compile: 395ms, render: 245ms)
 GET /sw.js 404 in 83ms (compile: 5ms, render: 78ms)
 ✓ Compiled in 812ms
 ⚠ Fast Refresh had to perform a full reload when ./node_modules/next/dist/client/image-component.js changed. Read more: https://nextjs.org/docs/messages/fast-refresh-reload
 GET /events/nq-2026 200 in 488ms (compile: 401ms, render: 87ms)
 GET /events/nq-2026 200 in 807ms (compile: 306ms, render: 501ms)
 GET /events/nq-2026 200 in 824ms (compile: 6ms, render: 818ms)
 GET /events/nq-2026 200 in 446ms (compile: 14ms, render: 433ms)
 GET /events/nq-2026 200 in 176ms (compile: 7ms, render: 169ms)
 GET /sw.js 404 in 408ms (compile: 193ms, render: 215ms)
 GET /sw.js 404 in 96ms (compile: 6ms, render: 90ms)
 ✓ Compiled in 656ms
 ⚠ Fast Refresh had to perform a full reload when ./node_modules/next/dist/client/image-component.js changed. Read more: https://nextjs.org/docs/messages/fast-refresh-reload
 GET /events/nq-2026 404 in 1315ms (compile: 589ms, render: 726ms)
 GET /events/nq-2026 200 in 684ms (compile: 145ms, render: 539ms)
 GET /events/nq-2026 200 in 495ms (compile: 4ms, render: 491ms)
 GET /events/nq-2026 200 in 303ms (compile: 4ms, render: 298ms)
 GET /events/nq-2026 200 in 172ms (compile: 8ms, render: 163ms)
 GET /sw.js 404 in 145ms (compile: 7ms, render: 138ms)
 GET /sw.js 404 in 88ms (compile: 5ms, render: 83ms)
 GET /sitemap.xml 200 in 932ms (compile: 911ms, render: 21ms)
 GET /robots.txt 200 in 183ms (compile: 177ms, render: 6ms)
 GET /sw.js 404 in 82ms (compile: 5ms, render: 77ms)
 GET /sw.js 404 in 102ms (compile: 6ms, render: 96ms)
 GET /events/2nd-equestrian-challenge-2026 200 in 570ms (compile: 267ms, render: 303ms)
 GET /sw.js 404 in 118ms (compile: 6ms, render: 113ms)
 ✓ Compiled in 997ms
 GET /sw.js 404 in 1063ms (compile: 921ms, render: 142ms)
 GET /events/nq-2026 200 in 408ms (compile: 185ms, render: 223ms)
 GET /sw.js 404 in 95ms (compile: 5ms, render: 90ms)
 GET /events/2nd-equestrian-challenge-2026 200 in 173ms (compile: 5ms, render: 168ms)
 GET /events/nq-2026 200 in 164ms (compile: 5ms, render: 159ms)
 GET /events/nq-2026 200 in 187ms (compile: 4ms, render: 183ms)
 GET /sw.js 404 in 90ms (compile: 7ms, render: 83ms)
 GET /sw.js 404 in 112ms (compile: 10ms, render: 102ms)
 ✓ Compiled in 1758ms
 ✓ Compiled in 1078ms
 GET /events/nq-2026 200 in 386ms (compile: 225ms, render: 161ms)
 ✓ Compiled in 876ms
 ✓ Compiled in 892ms
 ✓ Compiled in 1323ms
 ✓ Compiled in 859ms
 ✓ Compiled in 1088ms
 GET /sw.js 404 in 141ms (compile: 23ms, render: 118ms)
 GET /sw.js 404 in 152ms (compile: 11ms, render: 141ms)
 GET / 200 in 411ms (compile: 278ms, render: 133ms)
 GET /events/news/ec2026-results-17-may-morning-session 200 in 701ms (compile: 566ms, render: 134ms)
 GET /events/news/ec2026-results-17-may-morning-session 200 in 73ms (compile: 4ms, render: 69ms)
 GET /events/nq-2026 200 in 241ms (compile: 184ms, render: 57ms)
 GET /events/2nd-equestrian-challenge-2026 200 in 171ms (compile: 5ms, render: 166ms)
 GET /sw.js 404 in 81ms (compile: 5ms, render: 76ms)
 GET /sw.js 404 in 113ms (compile: 6ms, render: 107ms)
 ✓ Compiled in 5.1s
 GET /sw.js 404 in 880ms (compile: 93ms, render: 787ms)
 GET /events/nq-2026 200 in 837ms (compile: 322ms, render: 515ms)
 GET /sw.js 404 in 96ms (compile: 5ms, render: 91ms)
 GET /sw.js 404 in 101ms (compile: 7ms, render: 94ms)
 ✓ Compiled in 763ms
 ✓ Compiled in 640ms
 ✓ Compiled in 686ms
 ✓ Compiled in 632ms
 ✓ Compiled in 986ms
 GET /sw.js 404 in 113ms (compile: 22ms, render: 91ms)
 GET /events/nq-2026 200 in 448ms (compile: 151ms, render: 297ms)
 GET /sw.js 404 in 102ms (compile: 7ms, render: 95ms)
 GET /events/2nd-equestrian-challenge-2026 200 in 371ms (compile: 135ms, render: 237ms)
 GET /sw.js 404 in 79ms (compile: 5ms, render: 75ms)
 GET /sw.js 404 in 78ms (compile: 4ms, render: 74ms)
 GET /sw.js 404 in 91ms (compile: 4ms, render: 87ms)
 GET /events/nq-2026 200 in 154ms (compile: 4ms, render: 150ms)
 GET /sw.js 404 in 108ms (compile: 6ms, render: 101ms)
 GET /sw.js 404 in 84ms (compile: 4ms, render: 79ms)
 GET /events/2nd-equestrian-challenge-2026 200 in 187ms (compile: 4ms, render: 183ms)
 GET /sw.js 404 in 79ms (compile: 5ms, render: 75ms)
 GET /sw.js 404 in 87ms (compile: 6ms, render: 81ms)
 GET /sw.js 404 in 113ms (compile: 6ms, render: 106ms)
 GET /events/nq-2026 200 in 259ms (compile: 4ms, render: 255ms)
 GET /sw.js 404 in 111ms (compile: 6ms, render: 106ms)
 GET /sw.js 404 in 111ms (compile: 6ms, render: 105ms)
Error: Turbopack build failed with 1 errors:
./src/app
Error: Next.js inferred your workspace root, but it may not be correct.
    We couldn't find the Next.js package (next/package.json) from the project directory: D:\cursor\hprc_new_web\src\app
     To fix this, set turbopack.root in your Next.js config, or ensure the Next.js package is resolvable from this directory.
    Note: For security and performance reasons, files outside of the project directory will not be compiled.
    See https://nextjs.org/docs/app/api-reference/config/next-config-js/turbopack#root-directory for more information.

    at ignore-listed frames
[?25h
